Reading topology file.
Building mininet topology.
*** Error setting resource limits. Mininet's performance may be affected.
simple_switch_grpc -i 1@s1-eth1 -i 2@s1-eth2 -i 3@s1-eth3 --pcap pcaps --nanolog ipc:///tmp/bm-0-log.ipc --device-id 0 build/basic_tunnel.json --log-console --thrift-port 9090 -- --grpc-server-addr 0.0.0.0:50051

simple_switch_grpc -i 1@s2-eth1 -i 2@s2-eth2 -i 3@s2-eth3 --pcap pcaps --nanolog ipc:///tmp/bm-1-log.ipc --device-id 1 build/basic_tunnel.json --log-console --thrift-port 9091 -- --grpc-server-addr 0.0.0.0:50052

simple_switch_grpc -i 1@s3-eth1 -i 2@s3-eth2 -i 3@s3-eth3 --pcap pcaps --nanolog ipc:///tmp/bm-2-log.ipc --device-id 2 build/basic_tunnel.json --log-console --thrift-port 9092 -- --grpc-server-addr 0.0.0.0:50053

Configuring switch s1 using P4Runtime with file s1-runtime.json
 - Using P4Info file build/basic_tunnel.p4.p4info.txtpb...
 - Connecting to P4Runtime server on 127.0.0.1:50051 (bmv2)...
 - Setting pipeline config (build/basic_tunnel.json)...
 - Inserting 6 table entries...
 - MyIngress.ipv4_lpm: hdr.ipv4.dstAddr=['10.0.1.1', 32] => MyIngress.ipv4_forward(dstAddr=08:00:00:00:01:11, port=1)
 - MyIngress.ipv4_lpm: hdr.ipv4.dstAddr=['10.0.2.2', 32] => MyIngress.ipv4_forward(dstAddr=08:00:00:00:02:00, port=2)
 - MyIngress.ipv4_lpm: hdr.ipv4.dstAddr=['10.0.3.3', 32] => MyIngress.ipv4_forward(dstAddr=08:00:00:00:03:00, port=3)
 - MyIngress.myTunnel_exact: hdr.myTunnel.dst_id=[1] => MyIngress.myTunnel_forward(port=1)
 - MyIngress.myTunnel_exact: hdr.myTunnel.dst_id=[2] => MyIngress.myTunnel_forward(port=2)
 - MyIngress.myTunnel_exact: hdr.myTunnel.dst_id=[3] => MyIngress.myTunnel_forward(port=3)
Configuring switch s2 using P4Runtime with file s2-runtime.json
 - Using P4Info file build/basic_tunnel.p4.p4info.txtpb...
 - Connecting to P4Runtime server on 127.0.0.1:50052 (bmv2)...
 - Setting pipeline config (build/basic_tunnel.json)...
 - Inserting 6 table entries...
 - MyIngress.ipv4_lpm: hdr.ipv4.dstAddr=['10.0.1.1', 32] => MyIngress.ipv4_forward(dstAddr=08:00:00:00:01:00, port=2)
 - MyIngress.ipv4_lpm: hdr.ipv4.dstAddr=['10.0.2.2', 32] => MyIngress.ipv4_forward(dstAddr=08:00:00:00:02:22, port=1)
 - MyIngress.ipv4_lpm: hdr.ipv4.dstAddr=['10.0.3.3', 32] => MyIngress.ipv4_forward(dstAddr=08:00:00:00:03:00, port=3)
 - MyIngress.myTunnel_exact: hdr.myTunnel.dst_id=[1] => MyIngress.myTunnel_forward(port=2)
 - MyIngress.myTunnel_exact: hdr.myTunnel.dst_id=[2] => MyIngress.myTunnel_forward(port=1)
 - MyIngress.myTunnel_exact: hdr.myTunnel.dst_id=[3] => MyIngress.myTunnel_forward(port=3)
Configuring switch s3 using P4Runtime with file s3-runtime.json
 - Using P4Info file build/basic_tunnel.p4.p4info.txtpb...
 - Connecting to P4Runtime server on 127.0.0.1:50053 (bmv2)...
 - Setting pipeline config (build/basic_tunnel.json)...
 - Inserting 6 table entries...
 - MyIngress.ipv4_lpm: hdr.ipv4.dstAddr=['10.0.1.1', 32] => MyIngress.ipv4_forward(dstAddr=08:00:00:00:01:00, port=2)
 - MyIngress.ipv4_lpm: hdr.ipv4.dstAddr=['10.0.2.2', 32] => MyIngress.ipv4_forward(dstAddr=08:00:00:00:02:00, port=3)
 - MyIngress.ipv4_lpm: hdr.ipv4.dstAddr=['10.0.3.3', 32] => MyIngress.ipv4_forward(dstAddr=08:00:00:00:03:33, port=1)
 - MyIngress.myTunnel_exact: hdr.myTunnel.dst_id=[1] => MyIngress.myTunnel_forward(port=2)
 - MyIngress.myTunnel_exact: hdr.myTunnel.dst_id=[2] => MyIngress.myTunnel_forward(port=3)
 - MyIngress.myTunnel_exact: hdr.myTunnel.dst_id=[3] => MyIngress.myTunnel_forward(port=1)

=== LIVE MININET: basic_tunnel ===
*** Ping: testing ping reachability
h1 -> h2 h3 
h2 -> h1 h3 
h3 -> h1 h2 
*** Results: 0% dropped (6/6 received)
PINGALL_LOSS_PERCENT=0.0
PING 10.0.2.2 (10.0.2.2) 56(84) bytes of data.
64 bytes from 10.0.2.2: icmp_seq=1 ttl=62 time=1.08 ms
64 bytes from 10.0.2.2: icmp_seq=2 ttl=62 time=1.06 ms
64 bytes from 10.0.2.2: icmp_seq=3 ttl=62 time=0.829 ms
64 bytes from 10.0.2.2: icmp_seq=4 ttl=62 time=1.15 ms

--- 10.0.2.2 ping statistics ---
4 packets transmitted, 4 received, 0% packet loss, time 3015ms
rtt min/avg/max/mdev = 0.829/1.032/1.153/0.121 ms


CASE plain_h2 | h1 python3 send.py 10.0.2.2 plain_h2
sending on interface eth0 to IP addr 10.0.2.2
###[ Ethernet ]### 
  dst       = ff:ff:ff:ff:ff:ff
  src       = 08:00:00:00:01:11
  type      = IPv4
###[ IP ]### 
     version   = 4
     ihl       = 5
     tos       = 0x0
     len       = 48
     id        = 1
     flags     = 
     frag      = 0
     ttl       = 64
     proto     = tcp
     chksum    = 0x63c5
     src       = 10.0.1.1
     dst       = 10.0.2.2
     \options   \
###[ TCP ]### 
        sport     = 57444
        dport     = 1234
        seq       = 0
        ack       = 0
        dataofs   = 5
        reserved  = 0
        flags     = S
        window    = 8192
        chksum    = 0xeb39
        urgptr    = 0
        options   = []
###[ Raw ]### 
           load      = 'plain_h2'


PASS plain_h2: received by ['h2']

CASE plain_h3 | h1 python3 send.py 10.0.3.3 plain_h3
sending on interface eth0 to IP addr 10.0.3.3
###[ Ethernet ]### 
  dst       = ff:ff:ff:ff:ff:ff
  src       = 08:00:00:00:01:11
  type      = IPv4
###[ IP ]### 
     version   = 4
     ihl       = 5
     tos       = 0x0
     len       = 48
     id        = 1
     flags     = 
     frag      = 0
     ttl       = 64
     proto     = tcp
     chksum    = 0x62c4
     src       = 10.0.1.1
     dst       = 10.0.3.3
     \options   \
###[ TCP ]### 
        sport     = 61913
        dport     = 1234
        seq       = 0
        ack       = 0
        dataofs   = 5
        reserved  = 0
        flags     = S
        window    = 8192
        chksum    = 0xd8c2
        urgptr    = 0
        options   = []
###[ Raw ]### 
           load      = 'plain_h3'


PASS plain_h3: received by ['h3']

CASE tunnel_h2 | h1 python3 send.py 10.0.2.2 tunnel_h2 --dst_id 2
sending on interface eth0 to dst_id 2
###[ Ethernet ]### 
  dst       = ff:ff:ff:ff:ff:ff
  src       = 08:00:00:00:01:11
  type      = 0x1212
###[ MyTunnel ]### 
     pid       = 2048
     dst_id    = 2
###[ IP ]### 
        version   = 4
        ihl       = 5
        tos       = 0x0
        len       = 49
        id        = 1
        flags     = 
        frag      = 0
        ttl       = 64
        proto     = tcp
        chksum    = 0x63c4
        src       = 10.0.1.1
        dst       = 10.0.2.2
        \options   \
###[ TCP ]### 
           sport     = 57621
           dport     = 1234
           seq       = 0
           ack       = 0
           dataofs   = 5
           reserved  = 0
           flags     = S
           window    = 8192
           chksum    = 0xb936
           urgptr    = 0
           options   = []
###[ Raw ]### 
              load      = 'tunnel_h2'


PASS tunnel_h2: received by ['h2']

CASE tunnel_overrides_ip | h1 python3 send.py 10.0.3.3 tunnel_overrides_ip --dst_id 2
sending on interface eth0 to dst_id 2
###[ Ethernet ]### 
  dst       = ff:ff:ff:ff:ff:ff
  src       = 08:00:00:00:01:11
  type      = 0x1212
###[ MyTunnel ]### 
     pid       = 2048
     dst_id    = 2
###[ IP ]### 
        version   = 4
        ihl       = 5
        tos       = 0x0
        len       = 59
        id        = 1
        flags     = 
        frag      = 0
        ttl       = 64
        proto     = tcp
        chksum    = 0x62b9
        src       = 10.0.1.1
        dst       = 10.0.3.3
        \options   \
###[ TCP ]### 
           sport     = 65439
           dport     = 1234
           seq       = 0
           ack       = 0
           dataofs   = 5
           reserved  = 0
           flags     = S
           window    = 8192
           chksum    = 0x4481
           urgptr    = 0
           options   = []
###[ Raw ]### 
              load      = 'tunnel_overrides_ip'


PASS tunnel_overrides_ip: received by ['h2']

CASE unknown_tunnel | h1 python3 send.py 10.0.2.2 unknown_tunnel --dst_id 99
sending on interface eth0 to dst_id 99
###[ Ethernet ]### 
  dst       = ff:ff:ff:ff:ff:ff
  src       = 08:00:00:00:01:11
  type      = 0x1212
###[ MyTunnel ]### 
     pid       = 2048
     dst_id    = 99
###[ IP ]### 
        version   = 4
        ihl       = 5
        tos       = 0x0
        len       = 54
        id        = 1
        flags     = 
        frag      = 0
        ttl       = 64
        proto     = tcp
        chksum    = 0x63bf
        src       = 10.0.1.1
        dst       = 10.0.2.2
        \options   \
###[ TCP ]### 
           sport     = 53044
           dport     = 1234
           seq       = 0
           ack       = 0
           dataofs   = 5
           reserved  = 0
           flags     = S
           window    = 8192
           chksum    = 0x9dc7
           urgptr    = 0
           options   = []
###[ Raw ]### 
              load      = 'unknown_tunnel'


PASS unknown_tunnel: received by []

ALL CHECKS PASSED: basic_tunnel
